Download star info

Command Flags:

  --after-cursor : PageInfo EndCursor to start from
    type : string

  --include-readmes : Search for README.md.
    type : bool
    default : false
    currentvalue (set by appdefault) : false

  --max-languages : Max number of languages to query on a repo
    type : int
    default : 20
    currentvalue (set by appdefault) : 20

  --max-pages : Max number of pages to fetch
    type : int
    default : 1
    required : true
    currentvalue (set by appdefault) : 1

  --max-repo-topics : Max number of topics to query on a repo
    type : int
    default : 20
    currentvalue (set by appdefault) : 20

  --output : Output filepath. Must not exist
    type : path
    default : starghaze_download.jsonl
    currentvalue (set by appdefault) : starghaze_download.jsonl

  --page-size : Number of starred repos in page
    type : int
    default : 100
    required : true
    currentvalue (set by appdefault) : 100

  --timeout : Timeout for a run. Use https://pkg.go.dev/time#Duration to build it
    type : duration
    default : 10m0s
    required : true
    currentvalue (set by appdefault) : 10m0s

  --token : Github PAT
    type : string
    envvars : [STARGHAZE_GITHUB_TOKEN GITHUB_TOKEN]
    required : true

Inherited Section Flags:

  --color : Use ANSI colors
    type : string
    choices : [true false auto]
    default : auto
    currentvalue (set by appdefault) : auto

  --help , -h : Print help
    type : string
    choices : [default detailed outline allcommands]
    default : default
    currentvalue (set by passedflag) : detailed

