Format downloaded GitHub Stars

Command Flags:

  --date-format : Datetime output format. See https://github.com/lestrrat-go/strftime for details. If not passed, the GitHub default is RFC 3339. Consider using '%b %d, %Y' for csv format
    type : string

  --format : Output format
    type : string
    choices : [csv jsonl sqlite zinc]
    default : csv
    required : true
    currentvalue (set by appdefault) : csv

  --include-readmes : Search for README.md.
    type : bool
    default : false
    required : true
    currentvalue (set by appdefault) : false

  --input : Input file
    type : path
    default : starghaze_download.jsonl
    required : true
    currentvalue (set by appdefault) : starghaze_download.jsonl

  --max-line-size : Max line size in the file in MB
    type : int
    default : 10
    required : true
    currentvalue (set by appdefault) : 10

  --output : output file. Prints to stdout if not passed
    type : path

  --sqlite-dsn : Sqlite DSN. Usually the file name. Only used for --format sqlite
    type : string
    default : starghaze.db
    currentvalue (set by appdefault) : starghaze.db

  --zinc-index-name : Only used for --format zinc.
    type : string
    default : starghaze
    currentvalue (set by appdefault) : starghaze

Inherited Section Flags:

  --color : Use ANSI colors
    type : string
    choices : [true false auto]
    default : auto
    envvars : [WARG_COLOR]
    currentvalue (set by appdefault) : auto

  --help , -h : Print help
    type : string
    choices : [default detailed outline allcommands]
    default : default
    currentvalue (set by passedflag) : detailed

