# grab those images!
grabbit
  command2
  command3
  grab
  version
  completion
    zsh
  config
    edit
  section2
    com
  section3
    com
